// Jest Snapshot v1, https://goo.gl/fbAQLP

exports[`Contact component renders 1`] = `
<DocumentFragment>
  <section>
    <h1
      data-testid="h1tag"
    >
      Contact EJC
    </h1>
    <form
      id="contact-form"
    >
      <div>
        <label
          for="email"
        >
          Email
        </label>
        <input
          name="name"
          type="email"
          value=""
        />
      </div>
      '
      <div>
        <label
          for="message"
        >
          message
        </label>
        <textarea
          name="message"
          row="5"
        />
      </div>
      <button
        data-testid="button"
        type="submit"
      >
        Submit
      </button>
    </form>
  </section>
</DocumentFragment>
`;
